
> FindDesk@0.0.1 android
> react-native run-android

info A dev server is already running for this project on port 8081.
info Installing the app...
> Task :gradle-plugin:settings-plugin:checkKotlinGradlePluginConfigurationErrors SKIPPED
> Task :gradle-plugin:shared:checkKotlinGradlePluginConfigurationErrors SKIPPED
> Task :gradle-plugin:shared:compileKotlin UP-TO-DATE
> Task :gradle-plugin:shared:compileJava NO-SOURCE
> Task :gradle-plugin:shared:processResources NO-SOURCE
> Task :gradle-plugin:shared:classes UP-TO-DATE
> Task :gradle-plugin:shared:jar UP-TO-DATE
> Task :gradle-plugin:settings-plugin:compileKotlin UP-TO-DATE
> Task :gradle-plugin:settings-plugin:compileJava NO-SOURCE
> Task :gradle-plugin:settings-plugin:pluginDescriptors UP-TO-DATE
> Task :gradle-plugin:settings-plugin:processResources UP-TO-DATE
> Task :gradle-plugin:settings-plugin:classes UP-TO-DATE
> Task :gradle-plugin:settings-plugin:jar UP-TO-DATE
> Task :gradle-plugin:react-native-gradle-plugin:checkKotlinGradlePluginConfigurationErrors SKIPPED
> Task :gradle-plugin:react-native-gradle-plugin:compileKotlin UP-TO-DATE
> Task :gradle-plugin:react-native-gradle-plugin:compileJava NO-SOURCE
> Task :gradle-plugin:react-native-gradle-plugin:pluginDescriptors UP-TO-DATE
> Task :gradle-plugin:react-native-gradle-plugin:processResources UP-TO-DATE
> Task :gradle-plugin:react-native-gradle-plugin:classes UP-TO-DATE
> Task :gradle-plugin:react-native-gradle-plugin:jar UP-TO-DATE
> Task :app:checkKotlinGradlePluginConfigurationErrors SKIPPED
> Task :app:generateAutolinkingNewArchitectureFiles
> Task :app:generateAutolinkingPackageList
> Task :app:generateCodegenSchemaFromJavaScript SKIPPED
> Task :app:generateCodegenArtifactsFromSchema SKIPPED
> Task :app:generateReactNativeEntryPoint
> Task :react-native-safe-area-context:generateCodegenSchemaFromJavaScript
> Task :react-native-safe-area-context:generateCodegenArtifactsFromSchema
> Task :react-native-safe-area-context:preBuild
> Task :react-native-worklets:assertMinimalReactNativeVersionTask
> Task :react-native-worklets:assertNewArchitectureEnabledTask SKIPPED
> Task :react-native-worklets:generateCodegenSchemaFromJavaScript
> Task :react-native-worklets:generateCodegenArtifactsFromSchema
> Task :react-native-worklets:prepareWorkletsHeadersForPrefabs
> Task :react-native-worklets:preBuild
> Task :app:preBuild
> Task :app:preDebugBuild
> Task :app:generateDebugBuildConfig
> Task :react-native-safe-area-context:preDebugBuild
> Task :react-native-worklets:preDebugBuild
> Task :react-native-safe-area-context:writeDebugAarMetadata
> Task :react-native-worklets:writeDebugAarMetadata
> Task :app:generateDebugResValues
> Task :react-native-safe-area-context:generateDebugResValues
> Task :react-native-safe-area-context:generateDebugResources
> Task :app:checkDebugAarMetadata
> Task :react-native-safe-area-context:packageDebugResources
> Task :react-native-worklets:generateDebugResValues
> Task :react-native-worklets:generateDebugResources
> Task :react-native-worklets:packageDebugResources
> Task :app:mapDebugSourceSetPaths
> Task :app:generateDebugResources
> Task :app:packageDebugResources
> Task :app:createDebugCompatibleScreenManifests
> Task :app:extractDeepLinksDebug
> Task :react-native-safe-area-context:extractDeepLinksDebug
> Task :react-native-worklets:extractDeepLinksDebug
> Task :app:parseDebugLocalResources
> Task :react-native-worklets:processDebugManifest

> Task :react-native-safe-area-context:processDebugManifest
package="com.th3rdwave.safeareacontext" found in source AndroidManifest.xml: D:\ReactNative\Assesment\i360\FindDesk\node_modules\react-native-safe-area-context\android\src\main\AndroidManifest.xml.
Setting the namespace via the package attribute in the source AndroidManifest.xml is no longer supported, and the value is ignored.
Recommendation: remove package="com.th3rdwave.safeareacontext" from the source AndroidManifest.xml: D:\ReactNative\Assesment\i360\FindDesk\node_modules\react-native-safe-area-context\android\src\main\AndroidManifest.xml.

> Task :react-native-safe-area-context:compileDebugLibraryResources
> Task :app:mergeDebugResources
> Task :app:processDebugMainManifest
> Task :app:processDebugManifest
> Task :react-native-worklets:compileDebugLibraryResources
> Task :react-native-safe-area-context:parseDebugLocalResources
> Task :app:processDebugManifestForPackage
> Task :react-native-safe-area-context:checkKotlinGradlePluginConfigurationErrors SKIPPED
> Task :react-native-worklets:parseDebugLocalResources
> Task :react-native-safe-area-context:generateDebugBuildConfig
> Task :react-native-worklets:generateDebugBuildConfig
> Task :react-native-safe-area-context:javaPreCompileDebug
> Task :react-native-worklets:javaPreCompileDebug
> Task :app:javaPreCompileDebug
> Task :app:mergeDebugShaders
> Task :react-native-worklets:generateDebugRFile
> Task :app:compileDebugShaders NO-SOURCE
> Task :react-native-safe-area-context:generateDebugRFile

> Task :react-native-worklets:compileDebugJavaWithJavac

> Task :app:generateDebugAssets UP-TO-DATE
> Task :react-native-safe-area-context:mergeDebugShaders
> Task :react-native-safe-area-context:compileDebugShaders NO-SOURCE
> Task :react-native-safe-area-context:generateDebugAssets UP-TO-DATE
> Task :react-native-safe-area-context:mergeDebugAssets
> Task :react-native-worklets:mergeDebugShaders
> Task :react-native-worklets:compileDebugShaders NO-SOURCE
> Task :react-native-worklets:generateDebugAssets UP-TO-DATE
> Task :react-native-worklets:mergeDebugAssets
> Task :react-native-worklets:bundleLibCompileToJarDebug
> Task :app:mergeDebugAssets
> Task :app:compressDebugAssets
> Task :app:desugarDebugFileDependencies
> Task :react-native-worklets:processDebugJavaRes NO-SOURCE
> Task :react-native-worklets:bundleLibRuntimeToJarDebug
> Task :app:checkDebugDuplicateClasses
> Task :app:processDebugResources
> Task :react-native-worklets:bundleLibRuntimeToDirDebug
> Task :app:mergeExtDexDebug
> Task :react-native-worklets:configureCMakeDebug[arm64-v8a]
> Task :react-native-safe-area-context:compileDebugKotlin
> Task :react-native-worklets:configureCMakeDebug[armeabi-v7a]
> Task :react-native-worklets:configureCMakeDebug[x86]

> Task :react-native-safe-area-context:compileDebugKotlin
w: file:///D:/ReactNative/Assesment/i360/FindDesk/node_modules/react-native-safe-area-context/android/src/main/java/com/th3rdwave/safeareacontext/SafeAreaView.kt:9:8 'class UIManagerModule : ReactContextBaseJavaModule, OnBatchCompleteListener, LifecycleEventListener, UIManager' is deprecated. Deprecated in Java.
w: file:///D:/ReactNative/Assesment/i360/FindDesk/node_modules/react-native-safe-area-context/android/src/main/java/com/th3rdwave/safeareacontext/SafeAreaView.kt:50:54 'class UIManagerModule : ReactContextBaseJavaModule, OnBatchCompleteListener, LifecycleEventListener, UIManager' is deprecated. Deprecated in Java.
w: file:///D:/ReactNative/Assesment/i360/FindDesk/node_modules/react-native-safe-area-context/android/src/main/java/com/th3rdwave/safeareacontext/SafeAreaView.kt:59:23 'val uiImplementation: UIImplementation!' is deprecated. Deprecated in Java.
w: file:///D:/ReactNative/Assesment/i360/FindDesk/node_modules/react-native-safe-area-context/android/src/main/java/com/th3rdwave/safeareacontext/SafeAreaViewShadowNode.kt:9:32 'class LayoutShadowNode : ReactShadowNodeImpl' is deprecated. Deprecated in Java.
w: file:///D:/ReactNative/Assesment/i360/FindDesk/node_modules/react-native-safe-area-context/android/src/main/java/com/th3rdwave/safeareacontext/SafeAreaViewShadowNode.kt:110:61 'class NativeViewHierarchyOptimizer : Any' is deprecated. Deprecated in Java.

> Task :react-native-worklets:configureCMakeDebug[x86_64]
> Task :react-native-safe-area-context:compileDebugJavaWithJavac
> Task :react-native-safe-area-context:processDebugJavaRes
> Task :react-native-worklets:generateJsonModelDebug
> Task :react-native-safe-area-context:bundleLibCompileToJarDebug
> Task :react-native-worklets:prefabDebugConfigurePackage UP-TO-DATE
> Task :react-native-safe-area-context:bundleLibRuntimeToJarDebug
> Task :react-native-safe-area-context:bundleLibRuntimeToDirDebug
